#include "A.h"
#include "OverloadedFunction.h"

using ns3::func;

void test() {
  func(0);
}
