#include "VariableTypeHelper.h"
#include "VariableType.h"

namespace ns2 {

void VT::method() {
  a_->m();
}

}
